[3600lsd.com/index.html]
[3600lsd.com/wp-includes/css/dist/block-library/style.min9704.css]
[backblue.gif]
[fade.gif]
[index.html]
[3600lsd.com/wp-content/plugins/contact-form-7/includes/css/styles5b21.css]
[3600lsd.com/wp-content/plugins/password-protected-categories/assets/css/ppc761a.css]
[3600lsd.com/wp-content/plugins/video-popup/css/vp-close-icon/close-button-iconc7b2.css]
[3600lsd.com/wp-content/plugins/video-popup/css/YouTubePopUpc7b2.css]
[3600lsd.com/wp-content/themes/luxurys/css/icon-font68b3.css]
[3600lsd.com/wp-content/themes/luxurys/css/style68b3.css]
[3600lsd.com/wp-content/themes/luxurys/css/fancybox.min68b3.css]
[3600lsd.com/wp-content/themes/luxurys/css/swiper.min68b3.css]
[3600lsd.com/wp-content/themes/luxurys/css/bootstrap.min68b3.css]
[3600lsd.com/wp-content/themes/luxurys/css/odometer.min68b3.css]
[3600lsd.com/wp-content/themes/luxurys/css/flaticon68b3.css]
[3600lsd.com/wp-content/themes/luxurys/js/jquery.min68b3.js]
[3600lsd.com/wp-content/plugins/video-popup/js/YouTubePopUp.jqueryc7b2.js]
[3600lsd.com/wp-content/plugins/video-popup/js/YouTubePopUpc7b2.js]
[3600lsd.com/wp-json/wp/v2/pages/9484.json]
[3600lsd.com/wp-json/index.html]
[3600lsd.com/xmlrpc0db0.php]
[3600lsd.com/wp-json/oembed/1.0/embed0bee.json]
[3600lsd.com/wp-json/oembed/1.0/embed986a]
[3600lsd.com/wp-content/uploads/2024/04/cropped-3600logo-custom-32x32.png]
[3600lsd.com/wp-content/uploads/2024/04/cropped-3600logo-custom-192x192.png]
[3600lsd.com/wp-content/uploads/2024/04/cropped-3600logo-custom-180x180.png]
[3600lsd.com/wp-content/uploads/2024/04/cropped-3600logo-custom.png]
[3600lsd.com/wp-content/uploads/2024/04/3600logo-custom-1-e1714187829994.png]
[3600lsd.com/wp-content/uploads/2024/04/3600logo-custom.png]
[3600lsd.com/wp-content/uploads/2024/03/3600CondoEntrance.webp]
[3600lsd.com/wp-content/uploads/2024/03/3600TwoTowers.webp]
[3600lsd.com/contact/index.html]
[3600lsd.com/wp-content/uploads/2024/03/Patio.webp]
[3600lsd.com/wp-content/uploads/2024/03/SouthTower696x930.webp]
[3600lsd.com/wp-content/uploads/2024/03/3600_sundeck_southeast.jpg]
[3600lsd.com/wp-includes/js/dist/hooks.min4fdd.js]
[3600lsd.com/wp-includes/js/dist/i18n.minc33c.js]
[3600lsd.com/wp-content/plugins/contact-form-7/includes/swv/js/index5b21.js]
[3600lsd.com/wp-content/plugins/contact-form-7/includes/js/index5b21.js]
[3600lsd.com/wp-content/themes/luxurys/js/team68b3.js]
[3600lsd.com/wp-content/themes/luxurys/js/fancybox.min68b3.js]
[3600lsd.com/wp-content/themes/luxurys/js/swiper.min68b3.js]
[3600lsd.com/wp-content/themes/luxurys/js/odometer.min68b3.js]
[3600lsd.com/wp-content/themes/luxurys/js/wow.min68b3.js]
[3600lsd.com/wp-content/themes/luxurys/js/scripts68b3.js]
[3600lsd.com/wp-content/themes/luxurys/js/3d.jquery68b3.js]
[3600lsd.com/wp-content/themes/luxurys/js/magnific68b3.js]
[3600lsd.com/wp-content/themes/luxurys/js/mag68b3.js]
[3600lsd.com/wp-content/themes/luxurys/js/yukari-cik68b3.js]
[3600lsd.com/wp-includes/js/dist/vendor/wp-polyfill.min2c7c.js]
[3600lsd.com/wp-content/plugins/contact-form-7/modules/recaptcha/index5b21.js]
[3600lsd.com/index.html]
[3600lsd.com/wp-includes/css/dist/block-library/style.min9704.css]
[3600lsd.com/wp-content/plugins/contact-form-7/includes/css/styles5b21.css]
[3600lsd.com/wp-content/plugins/password-protected-categories/assets/css/ppc761a.css]
[3600lsd.com/wp-content/plugins/video-popup/css/vp-close-icon/fonts/vp-close-icon-font06c0.eot]
[3600lsd.com/wp-content/plugins/video-popup/css/vp-close-icon/fonts/vp-close-icon-font06c0.ttf]
[3600lsd.com/wp-content/plugins/video-popup/css/vp-close-icon/fonts/vp-close-icon-font06c0.woff]
[3600lsd.com/wp-content/plugins/video-popup/css/vp-close-icon/close-button-iconc7b2.css]
[3600lsd.com/wp-content/plugins/video-popup/css/YouTubePopUpc7b2.css]
[3600lsd.com/wp-content/themes/luxurys/css/icon-font68b3.css]
[3600lsd.com/wp-content/themes/luxurys/css/fonts/Satoshi-Black.eot]
[3600lsd.com/wp-content/themes/luxurys/css/fonts/Satoshi-Blackd41d.eot]
[3600lsd.com/wp-content/themes/luxurys/css/fonts/Satoshi-Black.woff2]
[3600lsd.com/wp-content/themes/luxurys/css/fonts/Satoshi-Black.woff]
[3600lsd.com/wp-content/themes/luxurys/css/fonts/Satoshi-Black.ttf]
[3600lsd.com/wp-content/themes/luxurys/css/fonts/Satoshi-BlackItalic.eot]
[3600lsd.com/wp-content/themes/luxurys/css/fonts/Satoshi-BlackItalicd41d.eot]
[3600lsd.com/wp-content/themes/luxurys/css/fonts/Satoshi-BlackItalic.woff2]
[3600lsd.com/wp-content/themes/luxurys/css/fonts/Satoshi-BlackItalic.woff]
[3600lsd.com/wp-content/themes/luxurys/css/fonts/Satoshi-BlackItalic.ttf]
[3600lsd.com/wp-content/themes/luxurys/css/fonts/Satoshi-Bold.eot]
[3600lsd.com/wp-content/themes/luxurys/css/fonts/Satoshi-Boldd41d.eot]
[3600lsd.com/wp-content/themes/luxurys/css/fonts/Satoshi-Bold.woff2]
[3600lsd.com/wp-content/themes/luxurys/css/fonts/Satoshi-Bold.woff]
[3600lsd.com/wp-content/themes/luxurys/css/fonts/Satoshi-Bold.ttf]
[3600lsd.com/wp-content/themes/luxurys/css/fonts/Satoshi-BoldItalic.eot]
[3600lsd.com/wp-content/themes/luxurys/css/fonts/Satoshi-BoldItalicd41d.eot]
[3600lsd.com/wp-content/themes/luxurys/css/fonts/Satoshi-BoldItalic.woff2]
[3600lsd.com/wp-content/themes/luxurys/css/fonts/Satoshi-BoldItalic.woff]
[3600lsd.com/wp-content/themes/luxurys/css/fonts/Satoshi-BoldItalic.ttf]
[3600lsd.com/wp-content/themes/luxurys/css/fonts/Satoshi-Italic.eot]
[3600lsd.com/wp-content/themes/luxurys/css/fonts/Satoshi-Italicd41d.eot]
[3600lsd.com/wp-content/themes/luxurys/css/fonts/Satoshi-Italic.woff2]
[3600lsd.com/wp-content/themes/luxurys/css/fonts/Satoshi-Italic.woff]
[3600lsd.com/wp-content/themes/luxurys/css/fonts/Satoshi-Italic.ttf]
[3600lsd.com/wp-content/themes/luxurys/css/fonts/Satoshi-Light.eot]
[3600lsd.com/wp-content/themes/luxurys/css/fonts/Satoshi-Lightd41d.eot]
[3600lsd.com/wp-content/themes/luxurys/css/fonts/Satoshi-Light.woff2]
[3600lsd.com/wp-content/themes/luxurys/css/fonts/Satoshi-Light.woff]
[3600lsd.com/wp-content/themes/luxurys/css/fonts/Satoshi-Light.ttf]
[3600lsd.com/wp-content/themes/luxurys/css/fonts/Satoshi-Medium.eot]
[3600lsd.com/wp-content/themes/luxurys/css/fonts/Satoshi-Mediumd41d.eot]
[3600lsd.com/wp-content/themes/luxurys/css/fonts/Satoshi-Medium.woff2]
[3600lsd.com/wp-content/themes/luxurys/css/fonts/Satoshi-Medium.woff]
[3600lsd.com/wp-content/themes/luxurys/css/fonts/Satoshi-Medium.ttf]
[3600lsd.com/wp-content/themes/luxurys/css/fonts/Satoshi-Regular.eot]
[3600lsd.com/wp-content/themes/luxurys/css/fonts/Satoshi-Regulard41d.eot]
[3600lsd.com/wp-content/themes/luxurys/css/fonts/Satoshi-Regular.woff2]
[3600lsd.com/wp-content/themes/luxurys/css/fonts/Satoshi-Regular.woff]
[3600lsd.com/wp-content/themes/luxurys/css/fonts/Satoshi-Regular.ttf]
[3600lsd.com/wp-content/themes/luxurys/css/fonts/Thunder-BlackHC.woff2]
[3600lsd.com/wp-content/themes/luxurys/css/fonts/Thunder-BlackHC.woff]
[3600lsd.com/wp-content/themes/luxurys/css/fonts/Thunder-BlackHC.ttf]
[3600lsd.com/wp-content/themes/luxurys/css/fonts/Thunder-BoldHC.woff2]
[3600lsd.com/wp-content/themes/luxurys/css/fonts/Thunder-BoldHC.woff]
[3600lsd.com/wp-content/themes/luxurys/css/fonts/Thunder-BoldHC.ttf]
[3600lsd.com/wp-content/themes/luxurys/css/fonts/Thunder-ExtraBoldHC.woff2]
[3600lsd.com/wp-content/themes/luxurys/css/fonts/Thunder-ExtraBoldHC.woff]
[3600lsd.com/wp-content/themes/luxurys/css/fonts/Thunder-ExtraBoldHC.ttf]
[3600lsd.com/wp-content/themes/luxurys/css/fonts/Thunder-MediumHC.woff2]
[3600lsd.com/wp-content/themes/luxurys/css/fonts/Thunder-MediumHC.woff]
[3600lsd.com/wp-content/themes/luxurys/css/fonts/Thunder-MediumHC.ttf]
[3600lsd.com/wp-content/themes/luxurys/css/fonts/Thunder-ThinHC.woff2]
[3600lsd.com/wp-content/themes/luxurys/css/fonts/Thunder-ThinHC.woff]
[3600lsd.com/wp-content/themes/luxurys/css/fonts/Thunder-ThinHC.ttf]
[3600lsd.com/wp-content/themes/luxurys/css/style68b3.css]
[3600lsd.com/wp-content/themes/luxurys/css/fancybox.min68b3.css]
[3600lsd.com/wp-content/themes/luxurys/css/swiper.min68b3.css]
[3600lsd.com/wp-content/themes/luxurys/css/bootstrap.min68b3.css]
[3600lsd.com/wp-content/themes/luxurys/css/odometer.min68b3.css]
[3600lsd.com/wp-content/themes/luxurys/css/fonts/flaticona1f9a1f9.ttf]
[3600lsd.com/wp-content/themes/luxurys/css/fonts/flaticona1f9a1f9.woff]
[3600lsd.com/wp-content/themes/luxurys/css/fonts/flaticona1f9a1f9.woff2]
[3600lsd.com/wp-content/themes/luxurys/css/fonts/flaticona1f9a1f9.eot]
[3600lsd.com/wp-content/themes/luxurys/css/flaticon68b3.css]
[3600lsd.com/wp-content/themes/luxurys/custom68b3.css]
[3600lsd.com/wp-content/plugins/video-popup/css/vp-close-icon/close-button-icon4e02.css]
[3600lsd.com/wp-content/plugins/video-popup/css/YouTubePopUp4e02.css]
[3600lsd.com/wp-content/plugins/video-popup/js/YouTubePopUp.jquery4e02.js]
[3600lsd.com/wp-content/plugins/video-popup/js/YouTubePopUp4e02.js]
[3600lsd.com/wp-json/wp/v2/pages/351.json]
[3600lsd.com/wp-json/oembed/1.0/embedb2c4.json]
[3600lsd.com/wp-json/oembed/1.0/embed0103]
[3600lsd.com/wp-content/uploads/2024/04/Skyline-Sunset400px.png]
[3600lsd.com/contact/index.html]
[3600lsd.com/wp-content/themes/luxurys/custom68b3.js]
[3600lsd.com/wp-content/plugins/video-popup/css/vp-close-icon/fonts/vp-close-icon-font06c0.svg]
[3600lsd.com/wp-content/themes/luxurys/css/fonts/flaticona1f9a1f9.svg]
[3600lsd.com/wp-content/plugins/video-popup/css/vp-close-icon/close-button-icon4e02.css]
[3600lsd.com/wp-content/plugins/video-popup/css/YouTubePopUp4e02.css]
[3600lsd.com/indexec81.html]
[3600lsd.com/contact/+17735283600.html]
